Archive member included to satisfy reference by file (symbol)

/Users/SimahoJr/esp/espDrone/build/bootloader/main/libmain.a(bootloader_start.o)
                              (call_start_cpu)
/Users/SimahoJr/esp/espDrone/build/bootloader/bootloader_support/libbootloader_support.a(bootloader_init.o)
                              /Users/SimahoJr/esp/espDrone/build/bootloader/main/libmain.a(bootloader_start.o) (bootloader_init)
/Users/SimahoJr/esp/espDrone/build/bootloader/bootloader_support/libbootloader_support.a(bootloader_utility.o)
                              /Users/SimahoJr/esp/espDrone/build/bootloader/main/libmain.a(bootloader_start.o) (bootloader_utility_load_partition_table)
/Users/SimahoJr/esp/espDrone/build/bootloader/bootloader_support/libbootloader_support.a(esp_image_format.o)
                              /Users/SimahoJr/esp/espDrone/build/bootloader/bootloader_support/libbootloader_support.a(bootloader_utility.o) (esp_image_load)
/Users/SimahoJr/esp/espDrone/build/bootloader/bootloader_support/libbootloader_support.a(flash_partitions.o)
                              /Users/SimahoJr/esp/espDrone/build/bootloader/bootloader_support/libbootloader_support.a(bootloader_utility.o) (esp_partition_table_basic_verify)
/Users/SimahoJr/esp/espDrone/build/bootloader/bootloader_support/libbootloader_support.a(bootloader_common.o)
                              /Users/SimahoJr/esp/espDrone/build/bootloader/bootloader_support/libbootloader_support.a(bootloader_utility.o) (bootloader_common_ota_select_valid)
/Users/SimahoJr/esp/espDrone/build/bootloader/bootloader_support/libbootloader_support.a(bootloader_flash.o)
                              /Users/SimahoJr/esp/espDrone/build/bootloader/bootloader_support/libbootloader_support.a(bootloader_utility.o) (bootloader_mmap)
/Users/SimahoJr/esp/espDrone/build/bootloader/spi_flash/libspi_flash.a(spi_flash.o)
                              /Users/SimahoJr/esp/espDrone/build/bootloader/bootloader_support/libbootloader_support.a(flash_partitions.o) (g_rom_flashchip)
/Users/SimahoJr/esp/espDrone/build/bootloader/spi_flash/libspi_flash.a(spi_flash_raw.o)
                              /Users/SimahoJr/esp/espDrone/build/bootloader/spi_flash/libspi_flash.a(spi_flash.o) (spi_flash_get_id_raw)
/Users/SimahoJr/esp/espDrone/build/bootloader/log/liblog.a(log.o)
                              /Users/SimahoJr/esp/espDrone/build/bootloader/bootloader_support/libbootloader_support.a(bootloader_common.o) (esp_log_early_timestamp)
/Users/SimahoJr/esp/espDrone/build/bootloader/esp8266/libesp8266.a(ets_printf.o)
                              /Users/SimahoJr/esp/espDrone/build/bootloader/log/liblog.a(log.o) (ets_vprintf)
/Users/SimahoJr/esp/espDrone/build/bootloader/util/libutil.a(crc.o)
                              /Users/SimahoJr/esp/espDrone/build/bootloader/bootloader_support/libbootloader_support.a(bootloader_common.o) (crc32_le)
/Users/SimahoJr/esp/ESP8266_RTOS_SDK/components/esp8266/lib/libcore.a(phy.o)
                              /Users/SimahoJr/esp/espDrone/build/bootloader/bootloader_support/libbootloader_support.a(bootloader_init.o) (phy_reg_default)
/Users/SimahoJr/esp/ESP8266_RTOS_SDK/components/esp8266/lib/libcore.a(uart.o)
                              /Users/SimahoJr/esp/espDrone/build/bootloader/bootloader_support/libbootloader_support.a(bootloader_init.o) (uart_div_modify)

Allocating common symbols
Common symbol       size              file

esp_image_spi_freq_t
                    0x4               /Users/SimahoJr/esp/espDrone/build/bootloader/main/libmain.a(bootloader_start.o)

Discarded input sections

 .text          0x0000000000000000        0x0 /Users/SimahoJr/esp/espDrone/build/bootloader/main/libmain.a(bootloader_start.o)
 .data          0x0000000000000000        0x0 /Users/SimahoJr/esp/espDrone/build/bootloader/main/libmain.a(bootloader_start.o)
 .bss           0x0000000000000000        0x0 /Users/SimahoJr/esp/espDrone/build/bootloader/main/libmain.a(bootloader_start.o)
 .xt.lit        0x0000000000000000       0x18 /Users/SimahoJr/esp/espDrone/build/bootloader/main/libmain.a(bootloader_start.o)
 .xt.prop       0x0000000000000000       0xe4 /Users/SimahoJr/esp/espDrone/build/bootloader/main/libmain.a(bootloader_start.o)
 COMMON         0x0000000000000000        0x4 /Users/SimahoJr/esp/espDrone/build/bootloader/main/libmain.a(bootloader_start.o)
 .text          0x0000000000000000        0x0 /Users/SimahoJr/esp/espDrone/build/bootloader/bootloader_support/libbootloader_support.a(bootloader_init.o)
 .data          0x0000000000000000        0x0 /Users/SimahoJr/esp/espDrone/build/bootloader/bootloader_support/libbootloader_support.a(bootloader_init.o)
 .bss           0x0000000000000000        0x0 /Users/SimahoJr/esp/espDrone/build/bootloader/bootloader_support/libbootloader_support.a(bootloader_init.o)
 .xt.lit        0x0000000000000000       0x28 /Users/SimahoJr/esp/espDrone/build/bootloader/bootloader_support/libbootloader_support.a(bootloader_init.o)
 .xt.prop       0x0000000000000000      0x258 /Users/SimahoJr/esp/espDrone/build/bootloader/bootloader_support/libbootloader_support.a(bootloader_init.o)
 .text          0x0000000000000000        0x0 /Users/SimahoJr/esp/espDrone/build/bootloader/bootloader_support/libbootloader_support.a(bootloader_utility.o)
 .data          0x0000000000000000        0x0 /Users/SimahoJr/esp/espDrone/build/bootloader/bootloader_support/libbootloader_support.a(bootloader_utility.o)
 .bss           0x0000000000000000        0x0 /Users/SimahoJr/esp/espDrone/build/bootloader/bootloader_support/libbootloader_support.a(bootloader_utility.o)
 .xt.lit        0x0000000000000000       0x30 /Users/SimahoJr/esp/espDrone/build/bootloader/bootloader_support/libbootloader_support.a(bootloader_utility.o)
 .xt.prop       0x0000000000000000      0x4bc /Users/SimahoJr/esp/espDrone/build/bootloader/bootloader_support/libbootloader_support.a(bootloader_utility.o)
 .literal.esp_image_verify_bootloader
                0x0000000000000000        0x8 /Users/SimahoJr/esp/espDrone/build/bootloader/bootloader_support/libbootloader_support.a(esp_image_format.o)
 .text          0x0000000000000000        0x0 /Users/SimahoJr/esp/espDrone/build/bootloader/bootloader_support/libbootloader_support.a(esp_image_format.o)
 .data          0x0000000000000000        0x0 /Users/SimahoJr/esp/espDrone/build/bootloader/bootloader_support/libbootloader_support.a(esp_image_format.o)
 .bss           0x0000000000000000        0x0 /Users/SimahoJr/esp/espDrone/build/bootloader/bootloader_support/libbootloader_support.a(esp_image_format.o)
 .text.esp_image_verify_bootloader
                0x0000000000000000       0x41 /Users/SimahoJr/esp/espDrone/build/bootloader/bootloader_support/libbootloader_support.a(esp_image_format.o)
 .xt.lit        0x0000000000000000       0x40 /Users/SimahoJr/esp/espDrone/build/bootloader/bootloader_support/libbootloader_support.a(esp_image_format.o)
 .xt.prop       0x0000000000000000      0x474 /Users/SimahoJr/esp/espDrone/build/bootloader/bootloader_support/libbootloader_support.a(esp_image_format.o)
 .text          0x0000000000000000        0x0 /Users/SimahoJr/esp/espDrone/build/bootloader/bootloader_support/libbootloader_support.a(flash_partitions.o)
 .data          0x0000000000000000        0x0 /Users/SimahoJr/esp/espDrone/build/bootloader/bootloader_support/libbootloader_support.a(flash_partitions.o)
 .bss           0x0000000000000000        0x0 /Users/SimahoJr/esp/espDrone/build/bootloader/bootloader_support/libbootloader_support.a(flash_partitions.o)
 .xt.lit        0x0000000000000000        0x8 /Users/SimahoJr/esp/espDrone/build/bootloader/bootloader_support/libbootloader_support.a(flash_partitions.o)
 .xt.prop       0x0000000000000000       0xfc /Users/SimahoJr/esp/espDrone/build/bootloader/bootloader_support/libbootloader_support.a(flash_partitions.o)
 .literal.bootloader_common_check_long_hold_gpio
                0x0000000000000000       0x58 /Users/SimahoJr/esp/espDrone/build/bootloader/bootloader_support/libbootloader_support.a(bootloader_common.o)
 .text          0x0000000000000000        0x0 /Users/SimahoJr/esp/espDrone/build/bootloader/bootloader_support/libbootloader_support.a(bootloader_common.o)
 .data          0x0000000000000000        0x0 /Users/SimahoJr/esp/espDrone/build/bootloader/bootloader_support/libbootloader_support.a(bootloader_common.o)
 .bss           0x0000000000000000        0x0 /Users/SimahoJr/esp/espDrone/build/bootloader/bootloader_support/libbootloader_support.a(bootloader_common.o)
 .text.bootloader_common_check_long_hold_gpio
                0x0000000000000000      0x22c /Users/SimahoJr/esp/espDrone/build/bootloader/bootloader_support/libbootloader_support.a(bootloader_common.o)
 .xt.lit        0x0000000000000000       0x18 /Users/SimahoJr/esp/espDrone/build/bootloader/bootloader_support/libbootloader_support.a(bootloader_common.o)
 .xt.prop       0x0000000000000000      0x420 /Users/SimahoJr/esp/espDrone/build/bootloader/bootloader_support/libbootloader_support.a(bootloader_common.o)
 .literal.bootloader_flash_write
                0x0000000000000000       0x28 /Users/SimahoJr/esp/espDrone/build/bootloader/bootloader_support/libbootloader_support.a(bootloader_flash.o)
 .literal.bootloader_flash_erase_sector
                0x0000000000000000        0x4 /Users/SimahoJr/esp/espDrone/build/bootloader/bootloader_support/libbootloader_support.a(bootloader_flash.o)
 .text          0x0000000000000000        0x0 /Users/SimahoJr/esp/espDrone/build/bootloader/bootloader_support/libbootloader_support.a(bootloader_flash.o)
 .data          0x0000000000000000        0x0 /Users/SimahoJr/esp/espDrone/build/bootloader/bootloader_support/libbootloader_support.a(bootloader_flash.o)
 .bss           0x0000000000000000        0x0 /Users/SimahoJr/esp/espDrone/build/bootloader/bootloader_support/libbootloader_support.a(bootloader_flash.o)
 .text.bootloader_flash_write
                0x0000000000000000       0x9d /Users/SimahoJr/esp/espDrone/build/bootloader/bootloader_support/libbootloader_support.a(bootloader_flash.o)
 .text.bootloader_flash_erase_sector
                0x0000000000000000       0x15 /Users/SimahoJr/esp/espDrone/build/bootloader/bootloader_support/libbootloader_support.a(bootloader_flash.o)
 .xt.lit        0x0000000000000000       0x30 /Users/SimahoJr/esp/espDrone/build/bootloader/bootloader_support/libbootloader_support.a(bootloader_flash.o)
 .xt.prop       0x0000000000000000      0x264 /Users/SimahoJr/esp/espDrone/build/bootloader/bootloader_support/libbootloader_support.a(bootloader_flash.o)
 .literal.spi_flash_program
                0x0000000000000000       0x20 /Users/SimahoJr/esp/espDrone/build/bootloader/spi_flash/libspi_flash.a(spi_flash.o)
 .literal.__spi_flash_write
                0x0000000000000000        0x8 /Users/SimahoJr/esp/espDrone/build/bootloader/spi_flash/libspi_flash.a(spi_flash.o)
 .literal.__spi_flash_read
                0x0000000000000000       0x10 /Users/SimahoJr/esp/espDrone/build/bootloader/spi_flash/libspi_flash.a(spi_flash.o)
 .literal.spi_flash_write_status
                0x0000000000000000        0xc /Users/SimahoJr/esp/espDrone/build/bootloader/spi_flash/libspi_flash.a(spi_flash.o)
 .literal.spi_flash_check_wr_protect
                0x0000000000000000       0x4c /Users/SimahoJr/esp/espDrone/build/bootloader/spi_flash/libspi_flash.a(spi_flash.o)
 .literal.spi_flash_erase_sector
                0x0000000000000000       0x18 /Users/SimahoJr/esp/espDrone/build/bootloader/spi_flash/libspi_flash.a(spi_flash.o)
 .literal.spi_flash_read
                0x0000000000000000       0x24 /Users/SimahoJr/esp/espDrone/build/bootloader/spi_flash/libspi_flash.a(spi_flash.o)
 .literal.spi_flash_write
                0x0000000000000000       0x3c /Users/SimahoJr/esp/espDrone/build/bootloader/spi_flash/libspi_flash.a(spi_flash.o)
 .literal.spi_flash_erase_range
                0x0000000000000000       0x10 /Users/SimahoJr/esp/espDrone/build/bootloader/spi_flash/libspi_flash.a(spi_flash.o)
 .literal.spi_flash_cache2phys
                0x0000000000000000       0x14 /Users/SimahoJr/esp/espDrone/build/bootloader/spi_flash/libspi_flash.a(spi_flash.o)
 .literal.spi_flash_get_chip_size
                0x0000000000000000        0x4 /Users/SimahoJr/esp/espDrone/build/bootloader/spi_flash/libspi_flash.a(spi_flash.o)
 .text          0x0000000000000000        0x0 /Users/SimahoJr/esp/espDrone/build/bootloader/spi_flash/libspi_flash.a(spi_flash.o)
 .data          0x0000000000000000        0x0 /Users/SimahoJr/esp/espDrone/build/bootloader/spi_flash/libspi_flash.a(spi_flash.o)
 .bss           0x0000000000000000        0x0 /Users/SimahoJr/esp/espDrone/build/bootloader/spi_flash/libspi_flash.a(spi_flash.o)
 .text.spi_flash_program
                0x0000000000000000       0xcb /Users/SimahoJr/esp/espDrone/build/bootloader/spi_flash/libspi_flash.a(spi_flash.o)
 .text.__spi_flash_write
                0x0000000000000000       0x23 /Users/SimahoJr/esp/espDrone/build/bootloader/spi_flash/libspi_flash.a(spi_flash.o)
 .text.__spi_flash_read
                0x0000000000000000       0x31 /Users/SimahoJr/esp/espDrone/build/bootloader/spi_flash/libspi_flash.a(spi_flash.o)
 .text.spi_flash_write_status
                0x0000000000000000       0x2a /Users/SimahoJr/esp/espDrone/build/bootloader/spi_flash/libspi_flash.a(spi_flash.o)
 .text.spi_flash_check_wr_protect
                0x0000000000000000      0x161 /Users/SimahoJr/esp/espDrone/build/bootloader/spi_flash/libspi_flash.a(spi_flash.o)
 .text.spi_flash_erase_sector
                0x0000000000000000       0x56 /Users/SimahoJr/esp/espDrone/build/bootloader/spi_flash/libspi_flash.a(spi_flash.o)
 .text.spi_flash_read
                0x0000000000000000      0x110 /Users/SimahoJr/esp/espDrone/build/bootloader/spi_flash/libspi_flash.a(spi_flash.o)
 .text.spi_flash_write
                0x0000000000000000      0x170 /Users/SimahoJr/esp/espDrone/build/bootloader/spi_flash/libspi_flash.a(spi_flash.o)
 .text.spi_flash_erase_range
                0x0000000000000000       0x6d /Users/SimahoJr/esp/espDrone/build/bootloader/spi_flash/libspi_flash.a(spi_flash.o)
 .text.spi_flash_cache2phys
                0x0000000000000000       0x48 /Users/SimahoJr/esp/espDrone/build/bootloader/spi_flash/libspi_flash.a(spi_flash.o)
 .text.spi_flash_get_chip_size
                0x0000000000000000        0x7 /Users/SimahoJr/esp/espDrone/build/bootloader/spi_flash/libspi_flash.a(spi_flash.o)
 .xt.lit        0x0000000000000000       0xd0 /Users/SimahoJr/esp/espDrone/build/bootloader/spi_flash/libspi_flash.a(spi_flash.o)
 .xt.prop       0x0000000000000000      0xbdc /Users/SimahoJr/esp/espDrone/build/bootloader/spi_flash/libspi_flash.a(spi_flash.o)
 .literal.spi_flash_write_status_raw
                0x0000000000000000       0x1c /Users/SimahoJr/esp/espDrone/build/bootloader/spi_flash/libspi_flash.a(spi_flash_raw.o)
 .literal.spi_flash_erase_sector_raw
                0x0000000000000000       0x14 /Users/SimahoJr/esp/espDrone/build/bootloader/spi_flash/libspi_flash.a(spi_flash_raw.o)
 .literal.spi_flash_write_raw
                0x0000000000000000        0xc /Users/SimahoJr/esp/espDrone/build/bootloader/spi_flash/libspi_flash.a(spi_flash_raw.o)
 .literal.spi_flash_read_raw
                0x0000000000000000        0xc /Users/SimahoJr/esp/espDrone/build/bootloader/spi_flash/libspi_flash.a(spi_flash_raw.o)
 .text          0x0000000000000000        0x0 /Users/SimahoJr/esp/espDrone/build/bootloader/spi_flash/libspi_flash.a(spi_flash_raw.o)
 .data          0x0000000000000000        0x0 /Users/SimahoJr/esp/espDrone/build/bootloader/spi_flash/libspi_flash.a(spi_flash_raw.o)
 .bss           0x0000000000000000        0x0 /Users/SimahoJr/esp/espDrone/build/bootloader/spi_flash/libspi_flash.a(spi_flash_raw.o)
 .text.spi_flash_write_status_raw
                0x0000000000000000       0x5c /Users/SimahoJr/esp/espDrone/build/bootloader/spi_flash/libspi_flash.a(spi_flash_raw.o)
 .text.spi_flash_erase_sector_raw
                0x0000000000000000       0x54 /Users/SimahoJr/esp/espDrone/build/bootloader/spi_flash/libspi_flash.a(spi_flash_raw.o)
 .text.spi_flash_write_raw
                0x0000000000000000       0x43 /Users/SimahoJr/esp/espDrone/build/bootloader/spi_flash/libspi_flash.a(spi_flash_raw.o)
 .text.spi_flash_read_raw
                0x0000000000000000       0x43 /Users/SimahoJr/esp/espDrone/build/bootloader/spi_flash/libspi_flash.a(spi_flash_raw.o)
 .xt.lit        0x0000000000000000       0x58 /Users/SimahoJr/esp/espDrone/build/bootloader/spi_flash/libspi_flash.a(spi_flash_raw.o)
 .xt.prop       0x0000000000000000      0x360 /Users/SimahoJr/esp/espDrone/build/bootloader/spi_flash/libspi_flash.a(spi_flash_raw.o)
 .text          0x0000000000000000        0x0 /Users/SimahoJr/esp/espDrone/build/bootloader/log/liblog.a(log.o)
 .data          0x0000000000000000        0x0 /Users/SimahoJr/esp/espDrone/build/bootloader/log/liblog.a(log.o)
 .bss           0x0000000000000000        0x0 /Users/SimahoJr/esp/espDrone/build/bootloader/log/liblog.a(log.o)
 .xt.lit        0x0000000000000000       0x10 /Users/SimahoJr/esp/espDrone/build/bootloader/log/liblog.a(log.o)
 .xt.prop       0x0000000000000000       0xcc /Users/SimahoJr/esp/espDrone/build/bootloader/log/liblog.a(log.o)
 .text          0x0000000000000000        0x0 /Users/SimahoJr/esp/espDrone/build/bootloader/esp8266/libesp8266.a(ets_printf.o)
 .data          0x0000000000000000        0x0 /Users/SimahoJr/esp/espDrone/build/bootloader/esp8266/libesp8266.a(ets_printf.o)
 .bss           0x0000000000000000        0x0 /Users/SimahoJr/esp/espDrone/build/bootloader/esp8266/libesp8266.a(ets_printf.o)
 .xt.lit        0x0000000000000000       0x20 /Users/SimahoJr/esp/espDrone/build/bootloader/esp8266/libesp8266.a(ets_printf.o)
 .xt.prop       0x0000000000000000       0xcc /Users/SimahoJr/esp/espDrone/build/bootloader/esp8266/libesp8266.a(ets_printf.o)
 .literal.crc16_le
                0x0000000000000000        0x4 /Users/SimahoJr/esp/espDrone/build/bootloader/util/libutil.a(crc.o)
 .literal.esp_crc8
                0x0000000000000000        0x4 /Users/SimahoJr/esp/espDrone/build/bootloader/util/libutil.a(crc.o)
 .text          0x0000000000000000        0x0 /Users/SimahoJr/esp/espDrone/build/bootloader/util/libutil.a(crc.o)
 .data          0x0000000000000000        0x0 /Users/SimahoJr/esp/espDrone/build/bootloader/util/libutil.a(crc.o)
 .bss           0x0000000000000000        0x0 /Users/SimahoJr/esp/espDrone/build/bootloader/util/libutil.a(crc.o)
 .text.crc16_le
                0x0000000000000000       0x39 /Users/SimahoJr/esp/espDrone/build/bootloader/util/libutil.a(crc.o)
 .text.esp_crc8
                0x0000000000000000       0x21 /Users/SimahoJr/esp/espDrone/build/bootloader/util/libutil.a(crc.o)
 .rodata.crc8_le_table
                0x0000000000000000      0x100 /Users/SimahoJr/esp/espDrone/build/bootloader/util/libutil.a(crc.o)
 .rodata.crc16_le_table
                0x0000000000000000      0x200 /Users/SimahoJr/esp/espDrone/build/bootloader/util/libutil.a(crc.o)
 .xt.lit        0x0000000000000000       0x18 /Users/SimahoJr/esp/espDrone/build/bootloader/util/libutil.a(crc.o)
 .xt.prop       0x0000000000000000       0xfc /Users/SimahoJr/esp/espDrone/build/bootloader/util/libutil.a(crc.o)
 .literal.phy_reg_default
                0x0000000000000000        0x0 /Users/SimahoJr/esp/ESP8266_RTOS_SDK/components/esp8266/lib/libcore.a(phy.o)
 .text          0x0000000000000000        0x0 /Users/SimahoJr/esp/ESP8266_RTOS_SDK/components/esp8266/lib/libcore.a(phy.o)
 .data          0x0000000000000000        0x0 /Users/SimahoJr/esp/ESP8266_RTOS_SDK/components/esp8266/lib/libcore.a(phy.o)
 .bss           0x0000000000000000        0x0 /Users/SimahoJr/esp/ESP8266_RTOS_SDK/components/esp8266/lib/libcore.a(phy.o)
 .xt.lit        0x0000000000000000        0x8 /Users/SimahoJr/esp/ESP8266_RTOS_SDK/components/esp8266/lib/libcore.a(phy.o)
 .xt.prop       0x0000000000000000       0x48 /Users/SimahoJr/esp/ESP8266_RTOS_SDK/components/esp8266/lib/libcore.a(phy.o)
 .literal.uart_buff_switch
                0x0000000000000000        0x0 /Users/SimahoJr/esp/ESP8266_RTOS_SDK/components/esp8266/lib/libcore.a(uart.o)
 .literal.uart_div_modify
                0x0000000000000000        0x0 /Users/SimahoJr/esp/ESP8266_RTOS_SDK/components/esp8266/lib/libcore.a(uart.o)
 .literal.Uart_Init
                0x0000000000000000        0x0 /Users/SimahoJr/esp/ESP8266_RTOS_SDK/components/esp8266/lib/libcore.a(uart.o)
 .text          0x0000000000000000        0x0 /Users/SimahoJr/esp/ESP8266_RTOS_SDK/components/esp8266/lib/libcore.a(uart.o)
 .data          0x0000000000000000        0x0 /Users/SimahoJr/esp/ESP8266_RTOS_SDK/components/esp8266/lib/libcore.a(uart.o)
 .bss           0x0000000000000000        0x0 /Users/SimahoJr/esp/ESP8266_RTOS_SDK/components/esp8266/lib/libcore.a(uart.o)
 .text.uart_buff_switch
                0x0000000000000000        0x2 /Users/SimahoJr/esp/ESP8266_RTOS_SDK/components/esp8266/lib/libcore.a(uart.o)
 .text.Uart_Init
                0x0000000000000000        0x2 /Users/SimahoJr/esp/ESP8266_RTOS_SDK/components/esp8266/lib/libcore.a(uart.o)
 .xt.lit        0x0000000000000000        0x8 /Users/SimahoJr/esp/ESP8266_RTOS_SDK/components/esp8266/lib/libcore.a(uart.o)
 .xt.prop       0x0000000000000000       0x78 /Users/SimahoJr/esp/ESP8266_RTOS_SDK/components/esp8266/lib/libcore.a(uart.o)

Memory Configuration

Name             Origin             Length             Attributes
dport0_seg       0x000000003ff00000 0x0000000000000010
dram_seg         0x000000003ffe8000 0x0000000000017c00
iram_seg         0x0000000040100000 0x0000000000008000
*default*        0x0000000000000000 0xffffffffffffffff

Linker script and memory map

START GROUP
LOAD /Users/SimahoJr/esp/espDrone/build/bootloader/main/libmain.a
LOAD /Users/SimahoJr/esp/ESP8266_RTOS_SDK/components/esp8266/lib/libcore.a
LOAD /Users/SimahoJr/esp/espDrone/build/bootloader/bootloader_support/libbootloader_support.a
LOAD /Users/SimahoJr/esp/espDrone/build/bootloader/spi_flash/libspi_flash.a
LOAD /Users/SimahoJr/esp/espDrone/build/bootloader/log/liblog.a
LOAD /Users/SimahoJr/esp/espDrone/build/bootloader/esp8266/libesp8266.a
LOAD /Users/SimahoJr/esp/espDrone/build/bootloader/util/libutil.a
LOAD /Users/SimahoJr/esp/ESP8266_RTOS_SDK/components/esp8266/lib/libgcc.a
LOAD /Users/SimahoJr/esp/xtensa-lx106-elf/bin/../lib/gcc/xtensa-lx106-elf/5.2.0/../../../../xtensa-lx106-elf/lib/libstdc++.a
LOAD /Users/SimahoJr/esp/xtensa-lx106-elf/bin/../lib/gcc/xtensa-lx106-elf/5.2.0/libgcov.a
END GROUP

.text           0x0000000040100000     0x1bfe
                0x0000000040100000                _stext = .
                0x0000000040100000                _text_start = ABSOLUTE (.)
                0x0000000040100000                . = ALIGN (0x10)
 *(.entry.text)
 *(.init.literal)
 *(.init)
 *(.literal .text .literal.* .text.* .stub .gnu.warning .gnu.linkonce.literal.* .gnu.linkonce.t.*.literal .gnu.linkonce.t.*)
 .literal.selected_boot_partition
                0x0000000040100000        0x0 /Users/SimahoJr/esp/espDrone/build/bootloader/main/libmain.a(bootloader_start.o)
                                          0x4 (size before relaxing)
 .literal.select_image
                0x0000000040100000        0xc /Users/SimahoJr/esp/espDrone/build/bootloader/main/libmain.a(bootloader_start.o)
                                         0x1c (size before relaxing)
 .literal.call_start_cpu
                0x000000004010000c        0x0 /Users/SimahoJr/esp/espDrone/build/bootloader/main/libmain.a(bootloader_start.o)
                                          0xc (size before relaxing)
 .literal.print_flash_info
                0x000000004010000c       0x48 /Users/SimahoJr/esp/espDrone/build/bootloader/bootloader_support/libbootloader_support.a(bootloader_init.o)
                                         0x54 (size before relaxing)
 .literal.uart_console_configure
                0x0000000040100054        0x0 /Users/SimahoJr/esp/espDrone/build/bootloader/bootloader_support/libbootloader_support.a(bootloader_init.o)
                                          0x4 (size before relaxing)
 .literal.update_flash_config
                0x0000000040100054        0x4 /Users/SimahoJr/esp/espDrone/build/bootloader/bootloader_support/libbootloader_support.a(bootloader_init.o)
                                          0x8 (size before relaxing)
 .literal.bootloader_main
                0x0000000040100058       0x10 /Users/SimahoJr/esp/espDrone/build/bootloader/bootloader_support/libbootloader_support.a(bootloader_init.o)
                                         0x34 (size before relaxing)
 .literal.bootloader_init
                0x0000000040100068        0x8 /Users/SimahoJr/esp/espDrone/build/bootloader/bootloader_support/libbootloader_support.a(bootloader_init.o)
                                         0x10 (size before relaxing)
 .literal.log_invalid_app_partition
                0x0000000040100070       0x14 /Users/SimahoJr/esp/espDrone/build/bootloader/bootloader_support/libbootloader_support.a(bootloader_utility.o)
                                         0x20 (size before relaxing)
 .literal.try_load_partition
                0x0000000040100084        0x4 /Users/SimahoJr/esp/espDrone/build/bootloader/bootloader_support/libbootloader_support.a(bootloader_utility.o)
                                         0x10 (size before relaxing)
 .literal.bootloader_utility_load_partition_table
                0x0000000040100088       0x4c /Users/SimahoJr/esp/espDrone/build/bootloader/bootloader_support/libbootloader_support.a(bootloader_utility.o)
                                         0x74 (size before relaxing)
 .literal.bootloader_utility_get_selected_boot_partition
                0x00000000401000d4       0x1c /Users/SimahoJr/esp/espDrone/build/bootloader/bootloader_support/libbootloader_support.a(bootloader_utility.o)
                                         0x5c (size before relaxing)
 .literal.bootloader_utility_load_boot_image
                0x00000000401000f0        0xc /Users/SimahoJr/esp/espDrone/build/bootloader/bootloader_support/libbootloader_support.a(bootloader_utility.o)
                                         0x40 (size before relaxing)
 .literal.bootloader_utility_load_image
                0x00000000401000fc        0x0 /Users/SimahoJr/esp/espDrone/build/bootloader/bootloader_support/libbootloader_support.a(bootloader_utility.o)
                                          0x4 (size before relaxing)
 .literal.should_map
                0x00000000401000fc        0x8 /Users/SimahoJr/esp/espDrone/build/bootloader/bootloader_support/libbootloader_support.a(esp_image_format.o)
 .literal.should_load
                0x0000000040100104        0x0 /Users/SimahoJr/esp/espDrone/build/bootloader/bootloader_support/libbootloader_support.a(esp_image_format.o)
                                          0x4 (size before relaxing)
 .literal.verify_image_header
                0x0000000040100104       0x14 /Users/SimahoJr/esp/espDrone/build/bootloader/bootloader_support/libbootloader_support.a(esp_image_format.o)
                                         0x20 (size before relaxing)
 .literal.process_segment_data
                0x0000000040100118        0x8 /Users/SimahoJr/esp/espDrone/build/bootloader/bootloader_support/libbootloader_support.a(esp_image_format.o)
                                         0x14 (size before relaxing)
 .literal.verify_checksum
                0x0000000040100120        0x8 /Users/SimahoJr/esp/espDrone/build/bootloader/bootloader_support/libbootloader_support.a(esp_image_format.o)
                                         0x1c (size before relaxing)
 .literal.process_segment
                0x0000000040100128       0x18 /Users/SimahoJr/esp/espDrone/build/bootloader/bootloader_support/libbootloader_support.a(esp_image_format.o)
                                         0x40 (size before relaxing)
 .literal.esp_image_load
                0x0000000040100140       0x14 /Users/SimahoJr/esp/espDrone/build/bootloader/bootloader_support/libbootloader_support.a(esp_image_format.o)
                                         0x44 (size before relaxing)
 .literal.esp_partition_table_basic_verify
                0x0000000040100154       0x1c /Users/SimahoJr/esp/espDrone/build/bootloader/bootloader_support/libbootloader_support.a(flash_partitions.o)
                                         0x2c (size before relaxing)
 .literal.bootloader_common_ota_select_crc
                0x0000000040100170        0x0 /Users/SimahoJr/esp/espDrone/build/bootloader/bootloader_support/libbootloader_support.a(bootloader_common.o)
                                          0x4 (size before relaxing)
 .literal.bootloader_common_ota_select_valid
                0x0000000040100170        0x0 /Users/SimahoJr/esp/espDrone/build/bootloader/bootloader_support/libbootloader_support.a(bootloader_common.o)
                                          0x4 (size before relaxing)
 .literal.bootloader_flash_read_no_decrypt
                0x0000000040100170        0x4 /Users/SimahoJr/esp/espDrone/build/bootloader/bootloader_support/libbootloader_support.a(bootloader_flash.o)
 .literal.bootloader_mmap
                0x0000000040100174       0x2c /Users/SimahoJr/esp/espDrone/build/bootloader/bootloader_support/libbootloader_support.a(bootloader_flash.o)
                                         0x3c (size before relaxing)
 .literal.bootloader_munmap
                0x00000000401001a0        0x0 /Users/SimahoJr/esp/espDrone/build/bootloader/bootloader_support/libbootloader_support.a(bootloader_flash.o)
                                          0x8 (size before relaxing)
 .literal.bootloader_flash_read
                0x00000000401001a0        0xc /Users/SimahoJr/esp/espDrone/build/bootloader/bootloader_support/libbootloader_support.a(bootloader_flash.o)
                                         0x20 (size before relaxing)
 .literal.spi_user_cmd
                0x00000000401001ac        0x4 /Users/SimahoJr/esp/espDrone/build/bootloader/spi_flash/libspi_flash.a(spi_flash.o)
                                          0xc (size before relaxing)
 .literal.special_flash_read_status
                0x00000000401001b0        0x0 /Users/SimahoJr/esp/espDrone/build/bootloader/spi_flash/libspi_flash.a(spi_flash.o)
                                          0x4 (size before relaxing)
 .literal.flash_gd25q32c_read_status
                0x00000000401001b0        0x0 /Users/SimahoJr/esp/espDrone/build/bootloader/spi_flash/libspi_flash.a(spi_flash.o)
                                          0x4 (size before relaxing)
 .literal.special_flash_write_status
                0x00000000401001b0        0x0 /Users/SimahoJr/esp/espDrone/build/bootloader/spi_flash/libspi_flash.a(spi_flash.o)
                                          0x8 (size before relaxing)
 .literal.spi_flash_enable_qio_bit6
                0x00000000401001b0        0x0 /Users/SimahoJr/esp/espDrone/build/bootloader/spi_flash/libspi_flash.a(spi_flash.o)
                                          0x4 (size before relaxing)
 .literal.flash_gd25q32c_write_status
                0x00000000401001b0        0x0 /Users/SimahoJr/esp/espDrone/build/bootloader/spi_flash/libspi_flash.a(spi_flash.o)
                                          0x4 (size before relaxing)
 .literal.flash_gd25q32c_enable_QIO_mode
                0x00000000401001b0        0x0 /Users/SimahoJr/esp/espDrone/build/bootloader/spi_flash/libspi_flash.a(spi_flash.o)
                                          0xc (size before relaxing)
 .literal.en25q16x_read_sfdp
                0x00000000401001b0        0x4 /Users/SimahoJr/esp/espDrone/build/bootloader/spi_flash/libspi_flash.a(spi_flash.o)
                                          0x8 (size before relaxing)
 .literal.spi_flash_get_id
                0x00000000401001b4        0x0 /Users/SimahoJr/esp/espDrone/build/bootloader/spi_flash/libspi_flash.a(spi_flash.o)
                                          0xc (size before relaxing)
 .literal.spi_flash_read_status
                0x00000000401001b4        0x0 /Users/SimahoJr/esp/espDrone/build/bootloader/spi_flash/libspi_flash.a(spi_flash.o)
                                          0xc (size before relaxing)
 .literal.spi_flash_issi_enable_QIO_mode
                0x00000000401001b4        0x0 /Users/SimahoJr/esp/espDrone/build/bootloader/spi_flash/libspi_flash.a(spi_flash.o)
                                          0xc (size before relaxing)
 .literal.special_flash_set_mode
                0x00000000401001b4        0x0 /Users/SimahoJr/esp/espDrone/build/bootloader/spi_flash/libspi_flash.a(spi_flash.o)
                                          0x8 (size before relaxing)
 .literal.en25q16x_write_volatile_status
                0x00000000401001b4        0x0 /Users/SimahoJr/esp/espDrone/build/bootloader/spi_flash/libspi_flash.a(spi_flash.o)
                                         0x14 (size before relaxing)
 .literal.user_spi_flash_dio_to_qio_pre_init
                0x00000000401001b4        0xc /Users/SimahoJr/esp/espDrone/build/bootloader/spi_flash/libspi_flash.a(spi_flash.o)
                                         0x30 (size before relaxing)
 .literal.esp_spi_flash_init
                0x00000000401001c0       0x20 /Users/SimahoJr/esp/espDrone/build/bootloader/spi_flash/libspi_flash.a(spi_flash.o)
                                         0x28 (size before relaxing)
 .literal.Cache_Read_Disable_2
                0x00000000401001e0        0xc /Users/SimahoJr/esp/espDrone/build/bootloader/spi_flash/libspi_flash.a(spi_flash_raw.o)
                                         0x10 (size before relaxing)
 .literal.Cache_Read_Enable_2
                0x00000000401001ec        0x4 /Users/SimahoJr/esp/espDrone/build/bootloader/spi_flash/libspi_flash.a(spi_flash_raw.o)
                                          0xc (size before relaxing)
 .literal.spi_flash_get_id_raw
                0x00000000401001f0       0x10 /Users/SimahoJr/esp/espDrone/build/bootloader/spi_flash/libspi_flash.a(spi_flash_raw.o)
                                         0x1c (size before relaxing)
 .literal.spi_flash_read_status_raw
                0x0000000040100200        0x4 /Users/SimahoJr/esp/espDrone/build/bootloader/spi_flash/libspi_flash.a(spi_flash_raw.o)
                                          0xc (size before relaxing)
 .literal.spi_flash_enable_qmode_raw
                0x0000000040100204        0x4 /Users/SimahoJr/esp/espDrone/build/bootloader/spi_flash/libspi_flash.a(spi_flash_raw.o)
                                         0x10 (size before relaxing)
 .literal.spi_user_cmd_raw
                0x0000000040100208       0x64 /Users/SimahoJr/esp/espDrone/build/bootloader/spi_flash/libspi_flash.a(spi_flash_raw.o)
                                         0x8c (size before relaxing)
 .literal.spi_flash_switch_to_qio_raw
                0x000000004010026c        0x8 /Users/SimahoJr/esp/espDrone/build/bootloader/spi_flash/libspi_flash.a(spi_flash_raw.o)
                                          0xc (size before relaxing)
 .literal.uart_putc
                0x0000000040100274        0xc /Users/SimahoJr/esp/espDrone/build/bootloader/esp8266/libesp8266.a(ets_printf.o)
 .literal.ets_putc
                0x0000000040100280        0x0 /Users/SimahoJr/esp/espDrone/build/bootloader/esp8266/libesp8266.a(ets_printf.o)
                                          0x8 (size before relaxing)
 .literal.ets_vprintf
                0x0000000040100280        0x8 /Users/SimahoJr/esp/espDrone/build/bootloader/esp8266/libesp8266.a(ets_printf.o)
 .literal.ets_printf
                0x0000000040100288        0x0 /Users/SimahoJr/esp/espDrone/build/bootloader/esp8266/libesp8266.a(ets_printf.o)
                                          0x4 (size before relaxing)
 .literal.crc32_le
                0x0000000040100288        0x4 /Users/SimahoJr/esp/espDrone/build/bootloader/util/libutil.a(crc.o)
 .iram1.0.literal
                0x000000004010028c        0x8 /Users/SimahoJr/esp/espDrone/build/bootloader/log/liblog.a(log.o)
 .iram1.1.literal
                0x0000000040100294       0x18 /Users/SimahoJr/esp/espDrone/build/bootloader/log/liblog.a(log.o)
                                         0x30 (size before relaxing)
 .text.selected_boot_partition
                0x00000000401002ac        0xf /Users/SimahoJr/esp/espDrone/build/bootloader/main/libmain.a(bootloader_start.o)
                                         0x13 (size before relaxing)
 *fill*         0x00000000401002bb        0x1 
 .text.select_image
                0x00000000401002bc       0x68 /Users/SimahoJr/esp/espDrone/build/bootloader/main/libmain.a(bootloader_start.o)
                                         0x70 (size before relaxing)
 .text.call_start_cpu
                0x0000000040100324       0x26 /Users/SimahoJr/esp/espDrone/build/bootloader/main/libmain.a(bootloader_start.o)
                                         0x2e (size before relaxing)
                0x0000000040100324                call_start_cpu
 *fill*         0x000000004010034a        0x2 
 .text.print_flash_info
                0x000000004010034c       0xc6 /Users/SimahoJr/esp/espDrone/build/bootloader/bootloader_support/libbootloader_support.a(bootloader_init.o)
                                         0xca (size before relaxing)
 *fill*         0x0000000040100412        0x2 
 .text.uart_console_configure
                0x0000000040100414       0x17 /Users/SimahoJr/esp/espDrone/build/bootloader/bootloader_support/libbootloader_support.a(bootloader_init.o)
 *fill*         0x000000004010042b        0x1 
 .text.update_flash_config
                0x000000004010042c       0x21 /Users/SimahoJr/esp/espDrone/build/bootloader/bootloader_support/libbootloader_support.a(bootloader_init.o)
 *fill*         0x000000004010044d        0x3 
 .text.bootloader_main
                0x0000000040100450       0x69 /Users/SimahoJr/esp/espDrone/build/bootloader/bootloader_support/libbootloader_support.a(bootloader_init.o)
                                         0x7d (size before relaxing)
 *fill*         0x00000000401004b9        0x3 
 .text.bootloader_init
                0x00000000401004bc       0x25 /Users/SimahoJr/esp/espDrone/build/bootloader/bootloader_support/libbootloader_support.a(bootloader_init.o)
                                         0x29 (size before relaxing)
                0x00000000401004bc                bootloader_init
 *fill*         0x00000000401004e1        0x3 
 .text.log_invalid_app_partition
                0x00000000401004e4       0x4b /Users/SimahoJr/esp/espDrone/build/bootloader/bootloader_support/libbootloader_support.a(bootloader_utility.o)
                                         0x53 (size before relaxing)
 *fill*         0x000000004010052f        0x1 
 .text.try_load_partition
                0x0000000040100530       0x3d /Users/SimahoJr/esp/espDrone/build/bootloader/bootloader_support/libbootloader_support.a(bootloader_utility.o)
                                         0x41 (size before relaxing)
 *fill*         0x000000004010056d        0x3 
 .text.bootloader_utility_load_partition_table
                0x0000000040100570      0x171 /Users/SimahoJr/esp/espDrone/build/bootloader/bootloader_support/libbootloader_support.a(bootloader_utility.o)
                                        0x185 (size before relaxing)
                0x0000000040100570                bootloader_utility_load_partition_table
 *fill*         0x00000000401006e1        0x3 
 .text.bootloader_utility_get_selected_boot_partition
                0x00000000401006e4      0x146 /Users/SimahoJr/esp/espDrone/build/bootloader/bootloader_support/libbootloader_support.a(bootloader_utility.o)
                                        0x15e (size before relaxing)
                0x00000000401006e4                bootloader_utility_get_selected_boot_partition
 *fill*         0x000000004010082a        0x2 
 .text.bootloader_utility_load_boot_image
                0x000000004010082c       0xd6 /Users/SimahoJr/esp/espDrone/build/bootloader/bootloader_support/libbootloader_support.a(bootloader_utility.o)
                                         0xfa (size before relaxing)
                0x000000004010082c                bootloader_utility_load_boot_image
 *fill*         0x0000000040100902        0x2 
 .text.bootloader_utility_load_image
                0x0000000040100904       0x21 /Users/SimahoJr/esp/espDrone/build/bootloader/bootloader_support/libbootloader_support.a(bootloader_utility.o)
                                         0x25 (size before relaxing)
                0x0000000040100904                bootloader_utility_load_image
 *fill*         0x0000000040100925        0x3 
 .text.should_map
                0x0000000040100928       0x15 /Users/SimahoJr/esp/espDrone/build/bootloader/bootloader_support/libbootloader_support.a(esp_image_format.o)
 *fill*         0x000000004010093d        0x3 
 .text.should_load
                0x0000000040100940       0x19 /Users/SimahoJr/esp/espDrone/build/bootloader/bootloader_support/libbootloader_support.a(esp_image_format.o)
                                         0x1d (size before relaxing)
 *fill*         0x0000000040100959        0x3 
 .text.verify_image_header
                0x000000004010095c       0x7d /Users/SimahoJr/esp/espDrone/build/bootloader/bootloader_support/libbootloader_support.a(esp_image_format.o)
                                         0x85 (size before relaxing)
 *fill*         0x00000000401009d9        0x3 
 .text.process_segment_data
                0x00000000401009dc       0x87 /Users/SimahoJr/esp/espDrone/build/bootloader/bootloader_support/libbootloader_support.a(esp_image_format.o)
                                         0x8f (size before relaxing)
 *fill*         0x0000000040100a63        0x1 
 .text.verify_checksum
                0x0000000040100a64       0x92 /Users/SimahoJr/esp/espDrone/build/bootloader/bootloader_support/libbootloader_support.a(esp_image_format.o)
                                         0x9a (size before relaxing)
 *fill*         0x0000000040100af6        0x2 
 .text.process_segment
                0x0000000040100af8      0x11a /Users/SimahoJr/esp/espDrone/build/bootloader/bootloader_support/libbootloader_support.a(esp_image_format.o)
                                        0x12a (size before relaxing)
 *fill*         0x0000000040100c12        0x2 
 .text.esp_image_load
                0x0000000040100c14      0x193 /Users/SimahoJr/esp/espDrone/build/bootloader/bootloader_support/libbootloader_support.a(esp_image_format.o)
                                        0x1ab (size before relaxing)
                0x0000000040100c14                esp_image_load
 *fill*         0x0000000040100da7        0x1 
 .text.esp_partition_table_basic_verify
                0x0000000040100da8       0xe7 /Users/SimahoJr/esp/espDrone/build/bootloader/bootloader_support/libbootloader_support.a(flash_partitions.o)
                                         0xeb (size before relaxing)
                0x0000000040100da8                esp_partition_table_basic_verify
 *fill*         0x0000000040100e8f        0x1 
 .text.bootloader_common_ota_select_crc
                0x0000000040100e90       0x18 /Users/SimahoJr/esp/espDrone/build/bootloader/bootloader_support/libbootloader_support.a(bootloader_common.o)
                0x0000000040100e90                bootloader_common_ota_select_crc
 .text.bootloader_common_ota_select_valid
                0x0000000040100ea8       0x2c /Users/SimahoJr/esp/espDrone/build/bootloader/bootloader_support/libbootloader_support.a(bootloader_common.o)
                0x0000000040100ea8                bootloader_common_ota_select_valid
 .text.bootloader_flash_read_no_decrypt
                0x0000000040100ed4       0x15 /Users/SimahoJr/esp/espDrone/build/bootloader/bootloader_support/libbootloader_support.a(bootloader_flash.o)
 *fill*         0x0000000040100ee9        0x3 
 .text.bootloader_mmap
                0x0000000040100eec       0xa6 /Users/SimahoJr/esp/espDrone/build/bootloader/bootloader_support/libbootloader_support.a(bootloader_flash.o)
                                         0xaa (size before relaxing)
                0x0000000040100eec                bootloader_mmap
 *fill*         0x0000000040100f92        0x2 
 .text.bootloader_munmap
                0x0000000040100f94       0x23 /Users/SimahoJr/esp/espDrone/build/bootloader/bootloader_support/libbootloader_support.a(bootloader_flash.o)
                0x0000000040100f94                bootloader_munmap
 *fill*         0x0000000040100fb7        0x1 
 .text.bootloader_flash_read
                0x0000000040100fb8       0x5b /Users/SimahoJr/esp/espDrone/build/bootloader/bootloader_support/libbootloader_support.a(bootloader_flash.o)
                                         0x62 (size before relaxing)
                0x0000000040100fb8                bootloader_flash_read
 *fill*         0x0000000040101013        0x1 
 .text.spi_user_cmd
                0x0000000040101014       0x4d /Users/SimahoJr/esp/espDrone/build/bootloader/spi_flash/libspi_flash.a(spi_flash.o)
                0x0000000040101014                spi_user_cmd
 *fill*         0x0000000040101061        0x3 
 .text.special_flash_read_status
                0x0000000040101064       0x39 /Users/SimahoJr/esp/espDrone/build/bootloader/spi_flash/libspi_flash.a(spi_flash.o)
                                         0x3d (size before relaxing)
                0x0000000040101064                special_flash_read_status
 *fill*         0x000000004010109d        0x3 
 .text.flash_gd25q32c_read_status
                0x00000000401010a0       0x33 /Users/SimahoJr/esp/espDrone/build/bootloader/spi_flash/libspi_flash.a(spi_flash.o)
 *fill*         0x00000000401010d3        0x1 
 .text.special_flash_write_status
                0x00000000401010d4       0x59 /Users/SimahoJr/esp/espDrone/build/bootloader/spi_flash/libspi_flash.a(spi_flash.o)
                                         0x61 (size before relaxing)
                0x00000000401010d4                special_flash_write_status
 *fill*         0x000000004010112d        0x3 
 .text.spi_flash_enable_qio_bit6
                0x0000000040101130       0x17 /Users/SimahoJr/esp/espDrone/build/bootloader/spi_flash/libspi_flash.a(spi_flash.o)
                                         0x1b (size before relaxing)
 *fill*         0x0000000040101147        0x1 
 .text.flash_gd25q32c_write_status
                0x0000000040101148       0x30 /Users/SimahoJr/esp/espDrone/build/bootloader/spi_flash/libspi_flash.a(spi_flash.o)
 .text.flash_gd25q32c_enable_QIO_mode
                0x0000000040101178       0x3e /Users/SimahoJr/esp/espDrone/build/bootloader/spi_flash/libspi_flash.a(spi_flash.o)
                                         0x46 (size before relaxing)
 *fill*         0x00000000401011b6        0x2 
 .text.en25q16x_read_sfdp
                0x00000000401011b8       0x43 /Users/SimahoJr/esp/espDrone/build/bootloader/spi_flash/libspi_flash.a(spi_flash.o)
                0x00000000401011b8                en25q16x_read_sfdp
 *fill*         0x00000000401011fb        0x1 
 .text.spi_flash_get_id
                0x00000000401011fc       0x26 /Users/SimahoJr/esp/espDrone/build/bootloader/spi_flash/libspi_flash.a(spi_flash.o)
                0x00000000401011fc                spi_flash_get_id
 *fill*         0x0000000040101222        0x2 
 .text.spi_flash_read_status
                0x0000000040101224       0x28 /Users/SimahoJr/esp/espDrone/build/bootloader/spi_flash/libspi_flash.a(spi_flash.o)
                0x0000000040101224                spi_flash_read_status
 .text.spi_flash_issi_enable_QIO_mode
                0x000000004010124c       0x43 /Users/SimahoJr/esp/espDrone/build/bootloader/spi_flash/libspi_flash.a(spi_flash.o)
                                         0x4b (size before relaxing)
 *fill*         0x000000004010128f        0x1 
 .text.special_flash_set_mode
                0x0000000040101290       0x40 /Users/SimahoJr/esp/espDrone/build/bootloader/spi_flash/libspi_flash.a(spi_flash.o)
                                         0x44 (size before relaxing)
                0x0000000040101290                special_flash_set_mode
 .text.en25q16x_write_volatile_status
                0x00000000401012d0       0x4f /Users/SimahoJr/esp/espDrone/build/bootloader/spi_flash/libspi_flash.a(spi_flash.o)
                                         0x5b (size before relaxing)
                0x00000000401012d0                en25q16x_write_volatile_status
 *fill*         0x000000004010131f        0x1 
 .text.user_spi_flash_dio_to_qio_pre_init
                0x0000000040101320       0xb9 /Users/SimahoJr/esp/espDrone/build/bootloader/spi_flash/libspi_flash.a(spi_flash.o)
                                         0xc5 (size before relaxing)
                0x0000000040101320                user_spi_flash_dio_to_qio_pre_init
 *fill*         0x00000000401013d9        0x3 
 .text.esp_spi_flash_init
                0x00000000401013dc       0xc1 /Users/SimahoJr/esp/espDrone/build/bootloader/spi_flash/libspi_flash.a(spi_flash.o)
                                         0xc5 (size before relaxing)
                0x00000000401013dc                esp_spi_flash_init
 *fill*         0x000000004010149d        0x3 
 .text.Cache_Read_Disable_2
                0x00000000401014a0       0x34 /Users/SimahoJr/esp/espDrone/build/bootloader/spi_flash/libspi_flash.a(spi_flash_raw.o)
                0x00000000401014a0                Cache_Read_Disable_2
 .text.Cache_Read_Enable_2
                0x00000000401014d4       0x28 /Users/SimahoJr/esp/espDrone/build/bootloader/spi_flash/libspi_flash.a(spi_flash_raw.o)
                0x00000000401014d4                Cache_Read_Enable_New
                0x00000000401014d4                Cache_Read_Enable_2
 .text.spi_flash_get_id_raw
                0x00000000401014fc       0x57 /Users/SimahoJr/esp/espDrone/build/bootloader/spi_flash/libspi_flash.a(spi_flash_raw.o)
                0x00000000401014fc                spi_flash_get_id_raw
 *fill*         0x0000000040101553        0x1 
 .text.spi_flash_read_status_raw
                0x0000000040101554       0x2f /Users/SimahoJr/esp/espDrone/build/bootloader/spi_flash/libspi_flash.a(spi_flash_raw.o)
                                         0x33 (size before relaxing)
                0x0000000040101554                spi_flash_read_status_raw
 *fill*         0x0000000040101583        0x1 
 .text.spi_flash_enable_qmode_raw
                0x0000000040101584       0x33 /Users/SimahoJr/esp/espDrone/build/bootloader/spi_flash/libspi_flash.a(spi_flash_raw.o)
                                         0x37 (size before relaxing)
                0x0000000040101584                spi_flash_enable_qmode_raw
 *fill*         0x00000000401015b7        0x1 
 .text.spi_user_cmd_raw
                0x00000000401015b8      0x3d7 /Users/SimahoJr/esp/espDrone/build/bootloader/spi_flash/libspi_flash.a(spi_flash_raw.o)
                0x00000000401015b8                spi_user_cmd_raw
 *fill*         0x000000004010198f        0x1 
 .text.spi_flash_switch_to_qio_raw
                0x0000000040101990       0x25 /Users/SimahoJr/esp/espDrone/build/bootloader/spi_flash/libspi_flash.a(spi_flash_raw.o)
                0x0000000040101990                spi_flash_switch_to_qio_raw
 *fill*         0x00000000401019b5        0x3 
 .text.uart_putc
                0x00000000401019b8       0x21 /Users/SimahoJr/esp/espDrone/build/bootloader/esp8266/libesp8266.a(ets_printf.o)
 *fill*         0x00000000401019d9        0x3 
 .text.ets_putc
                0x00000000401019dc       0x27 /Users/SimahoJr/esp/espDrone/build/bootloader/esp8266/libesp8266.a(ets_printf.o)
                0x00000000401019dc                ets_putc
 *fill*         0x0000000040101a03        0x1 
 .text.ets_vprintf
                0x0000000040101a04       0x1f /Users/SimahoJr/esp/espDrone/build/bootloader/esp8266/libesp8266.a(ets_printf.o)
                0x0000000040101a04                ets_vprintf
 *fill*         0x0000000040101a23        0x1 
 .text.ets_printf
                0x0000000040101a24       0x27 /Users/SimahoJr/esp/espDrone/build/bootloader/esp8266/libesp8266.a(ets_printf.o)
                                         0x2b (size before relaxing)
                0x0000000040101a24                ets_printf
 *fill*         0x0000000040101a4b        0x1 
 .text.crc32_le
                0x0000000040101a4c       0x2f /Users/SimahoJr/esp/espDrone/build/bootloader/util/libutil.a(crc.o)
                0x0000000040101a4c                crc32_le
 *fill*         0x0000000040101a7b        0x1 
 .text.phy_reg_default
                0x0000000040101a7c       0x36 /Users/SimahoJr/esp/ESP8266_RTOS_SDK/components/esp8266/lib/libcore.a(phy.o)
                0x0000000040101a8c                phy_reg_default
 *fill*         0x0000000040101ab2        0x2 
 .text.uart_div_modify
                0x0000000040101ab4       0x50 /Users/SimahoJr/esp/ESP8266_RTOS_SDK/components/esp8266/lib/libcore.a(uart.o)
                0x0000000040101ac4                uart_div_modify
 *fill*         0x0000000040101b04        0x0 
 *fill*         0x0000000040101b04        0x0 
 *fill*         0x0000000040101b04        0x0 
 *fill*         0x0000000040101b04        0x0 
 *fill*         0x0000000040101b04        0x0 
 *fill*         0x0000000040101b04        0x0 
 *fill*         0x0000000040101b04        0x0 
 .text.index_to_partition
                0x0000000040101b04       0x4b /Users/SimahoJr/esp/espDrone/build/bootloader/bootloader_support/libbootloader_support.a(bootloader_utility.o)
 *fill*         0x0000000040101b4f        0x0 
 *fill*         0x0000000040101b4f        0x0 
 *fill*         0x0000000040101b4f        0x0 
 *fill*         0x0000000040101b4f        0x0 
 *fill*         0x0000000040101b4f        0x0 
 *fill*         0x0000000040101b4f        0x0 
 *fill*         0x0000000040101b4f        0x1 
 .text.verify_segment_header
                0x0000000040101b50        0x4 /Users/SimahoJr/esp/espDrone/build/bootloader/bootloader_support/libbootloader_support.a(esp_image_format.o)
 *fill*         0x0000000040101b54        0x0 
 *fill*         0x0000000040101b54        0x0 
 *fill*         0x0000000040101b54        0x0 
 *fill*         0x0000000040101b54        0x0 
 *fill*         0x0000000040101b54        0x0 
 *fill*         0x0000000040101b54        0x0 
 *fill*         0x0000000040101b54        0x0 
 *fill*         0x0000000040101b54        0x0 
 *fill*         0x0000000040101b54        0x0 
 *fill*         0x0000000040101b54        0x0 
 *fill*         0x0000000040101b54        0x0 
 *fill*         0x0000000040101b54        0x0 
 *fill*         0x0000000040101b54        0x0 
 *fill*         0x0000000040101b54        0x0 
 *fill*         0x0000000040101b54        0x0 
 *fill*         0x0000000040101b54        0x0 
 *fill*         0x0000000040101b54        0x0 
 *fill*         0x0000000040101b54        0x0 
 *fill*         0x0000000040101b54        0x0 
 *fill*         0x0000000040101b54        0x0 
 *fill*         0x0000000040101b54        0x0 
 *fill*         0x0000000040101b54        0x0 
 *fill*         0x0000000040101b54        0x0 
 *fill*         0x0000000040101b54        0x0 
 *fill*         0x0000000040101b54        0x0 
 *fill*         0x0000000040101b54        0x0 
 *fill*         0x0000000040101b54        0x0 
 *fill*         0x0000000040101b54        0x0 
 *fill*         0x0000000040101b54        0x0 
 *fill*         0x0000000040101b54        0x0 
 *fill*         0x0000000040101b54        0x0 
 *fill*         0x0000000040101b54        0x0 
 *fill*         0x0000000040101b54        0x0 
 *fill*         0x0000000040101b54        0x0 
 *fill*         0x0000000040101b54        0x0 
 *(.iram1 .iram1.*)
 .iram1.0       0x0000000040101b54       0x18 /Users/SimahoJr/esp/espDrone/build/bootloader/log/liblog.a(log.o)
                0x0000000040101b54                esp_log_early_timestamp
 .iram1.1       0x0000000040101b6c       0x92 /Users/SimahoJr/esp/espDrone/build/bootloader/log/liblog.a(log.o)
                                         0x9d (size before relaxing)
                0x0000000040101b6c                esp_early_log_write
 *(.fini.literal)
 *(.fini)
 *(.gnu.version)
                0x0000000040101bfe                _text_end = ABSOLUTE (.)
                0x0000000040101bfe                _etext = .

.bss            0x000000003ffe8000      0x408
                0x000000003ffe8000                . = ALIGN (0x8)
                0x000000003ffe8000                _bss_start = ABSOLUTE (.)
 *(.dynsbss)
 *(.sbss)
 *(.sbss.*)
 *(.gnu.linkonce.sb.*)
 *(.scommon)
 *(.sbss2)
 *(.sbss2.*)
 *(.gnu.linkonce.sb2.*)
 *(.dynbss)
 *(.bss)
 *(.bss.*)
 .bss.pbuf$3468
                0x000000003ffe8000      0x400 /Users/SimahoJr/esp/espDrone/build/bootloader/bootloader_support/libbootloader_support.a(esp_image_format.o)
 .bss.mapped    0x000000003ffe8400        0x1 /Users/SimahoJr/esp/espDrone/build/bootloader/bootloader_support/libbootloader_support.a(bootloader_flash.o)
 .bss.FlashIsOnGoing
                0x000000003ffe8401        0x1 /Users/SimahoJr/esp/espDrone/build/bootloader/spi_flash/libspi_flash.a(spi_flash.o)
                0x000000003ffe8401                FlashIsOnGoing
 *(.gnu.linkonce.b.*)
 *(COMMON)
                0x000000003ffe8408                . = ALIGN (0x8)
 *fill*         0x000000003ffe8402        0x6 
                0x000000003ffe8408                _bss_end = ABSOLUTE (.)

.data           0x000000003ffe8408       0x18
                0x000000003ffe8408                _data_start = ABSOLUTE (.)
 *(.data)
 *(.data.*)
 .data.g_rom_flashchip
                0x000000003ffe8408       0x18 /Users/SimahoJr/esp/espDrone/build/bootloader/spi_flash/libspi_flash.a(spi_flash.o)
                0x000000003ffe8408                g_rom_flashchip
 *(.gnu.linkonce.d.*)
 *(.data1)
 *(.sdata)
 *(.sdata.*)
 *(.gnu.linkonce.s.*)
 *(.sdata2)
 *(.sdata2.*)
 *(.gnu.linkonce.s2.*)
 *(.jcr)
                0x000000003ffe8420                _data_end = ABSOLUTE (.)

.rodata         0x000000003ffe8420      0xdd4
                0x000000003ffe8420                _rodata_start = ABSOLUTE (.)
 *(.rodata)
 *(.rodata.*)
 .rodata.str1.4
                0x000000003ffe8420       0x21 /Users/SimahoJr/esp/espDrone/build/bootloader/main/libmain.a(bootloader_start.o)
 *fill*         0x000000003ffe8441        0x3 
 .rodata.str1.4
                0x000000003ffe8444       0xfe /Users/SimahoJr/esp/espDrone/build/bootloader/bootloader_support/libbootloader_support.a(bootloader_init.o)
                                        0x10a (size before relaxing)
 *fill*         0x000000003ffe8542        0x2 
 .rodata.print_flash_info
                0x000000003ffe8544       0x28 /Users/SimahoJr/esp/espDrone/build/bootloader/bootloader_support/libbootloader_support.a(bootloader_init.o)
 .rodata.str1.4
                0x000000003ffe856c      0x356 /Users/SimahoJr/esp/espDrone/build/bootloader/bootloader_support/libbootloader_support.a(bootloader_utility.o)
                                        0x35e (size before relaxing)
 *fill*         0x000000003ffe88c2        0x2 
 .rodata.str1.4
                0x000000003ffe88c4      0x26b /Users/SimahoJr/esp/espDrone/build/bootloader/bootloader_support/libbootloader_support.a(esp_image_format.o)
                                        0x26f (size before relaxing)
 *fill*         0x000000003ffe8b2f        0x1 
 .rodata.str1.4
                0x000000003ffe8b30       0xb4 /Users/SimahoJr/esp/espDrone/build/bootloader/bootloader_support/libbootloader_support.a(flash_partitions.o)
 .rodata.str1.4
                0x000000003ffe8be4      0x19f /Users/SimahoJr/esp/espDrone/build/bootloader/bootloader_support/libbootloader_support.a(bootloader_flash.o)
 *fill*         0x000000003ffe8d83        0x1 
 .rodata.str1.4
                0x000000003ffe8d84       0x29 /Users/SimahoJr/esp/espDrone/build/bootloader/spi_flash/libspi_flash.a(spi_flash.o)
 *fill*         0x000000003ffe8dad        0x3 
 .rodata.str1.4
                0x000000003ffe8db0       0x24 /Users/SimahoJr/esp/espDrone/build/bootloader/log/liblog.a(log.o)
                                         0x22 (size before relaxing)
 .rodata.s_log_prefix
                0x000000003ffe8dd4        0x6 /Users/SimahoJr/esp/espDrone/build/bootloader/log/liblog.a(log.o)
 *fill*         0x000000003ffe8dda        0x2 
 .rodata.s_log_color
                0x000000003ffe8ddc       0x18 /Users/SimahoJr/esp/espDrone/build/bootloader/log/liblog.a(log.o)
 .rodata.crc32_le_table
                0x000000003ffe8df4      0x400 /Users/SimahoJr/esp/espDrone/build/bootloader/util/libutil.a(crc.o)
 *(.gnu.linkonce.r.*)
 *(.rodata1)
                0x000000003ffe91f4                __XT_EXCEPTION_TABLE_ = ABSOLUTE (.)
 *(.xt_except_table)
 *(.gcc_except_table)
 *(.gnu.linkonce.e.*)
 *(.gnu.version_r)
 *(.eh_frame)
                0x000000003ffe91f4                . = ((. + 0x3) & 0xfffffffffffffffc)
                0x000000003ffe91f4                __init_array_start = ABSOLUTE (.)
 *crtbegin.o(.ctors)
 *(EXCLUDE_FILE(*crtend.o) .ctors)
 *(SORT(.ctors.*))
 *(.ctors)
                0x000000003ffe91f4                __init_array_end = ABSOLUTE (.)
 *crtbegin.o(.dtors)
 *(EXCLUDE_FILE(*crtend.o) .dtors)
 *(SORT(.dtors.*))
 *(.dtors)
                0x000000003ffe91f4                __XT_EXCEPTION_DESCS_ = ABSOLUTE (.)
 *(.xt_except_desc)
 *(.gnu.linkonce.h.*)
                0x000000003ffe91f4                __XT_EXCEPTION_DESCS_END__ = ABSOLUTE (.)
 *(.xt_except_desc_end)
 *(.dynamic)
 *(.gnu.version_d)
                0x000000003ffe91f4                _rodata_end = ABSOLUTE (.)
                0x000000003ffe91f4                _lit4_start = ABSOLUTE (.)
 *(*.lit4)
 *(.lit4.*)
 *(.gnu.linkonce.lit4.*)
                0x000000003ffe91f4                _lit4_end = ABSOLUTE (.)
                0x000000003ffe91f4                . = ALIGN (0x4)
                0x000000003ffe91f4                _heap_start = ABSOLUTE (.)
                0x0000000060001100                PROVIDE (rtc_sys_info, 0x60001100)
                0x00000000400040c0                PROVIDE (SPI_sector_erase, 0x400040c0)
                0x0000000040004174                PROVIDE (SPI_page_program, 0x40004174)
                0x00000000400042ac                PROVIDE (SPI_read_data, 0x400042ac)
                0x00000000400043c8                PROVIDE (SPI_read_status, 0x400043c8)
                0x0000000040004400                PROVIDE (SPI_write_status, 0x40004400)
                0x000000004000443c                PROVIDE (SPI_write_enable, 0x4000443c)
                0x000000004000448c                PROVIDE (Wait_SPI_Idle, 0x4000448c)
                0x00000000400044c0                PROVIDE (Enable_QMode, 0x400044c0)
                [!provide]                        PROVIDE (Disable_QMode, 0x40004508)
                0x0000000040004678                PROVIDE (Cache_Read_Enable, 0x40004678)
                0x00000000400047f0                PROVIDE (Cache_Read_Disable, 0x400047f0)
                [!provide]                        PROVIDE (lldesc_build_chain, 0x40004f40)
                [!provide]                        PROVIDE (lldesc_num2link, 0x40005050)
                [!provide]                        PROVIDE (lldesc_set_owner, 0x4000507c)
                [!provide]                        PROVIDE (__adddf3, 0x4000c538)
                [!provide]                        PROVIDE (__addsf3, 0x4000c180)
                [!provide]                        PROVIDE (__divdf3, 0x4000cb94)
                [!provide]                        PROVIDE (__divdi3, 0x4000ce60)
                [!provide]                        PROVIDE (__divsi3, 0x4000dc88)
                [!provide]                        PROVIDE (__extendsfdf2, 0x4000cdfc)
                [!provide]                        PROVIDE (__fixdfsi, 0x4000ccb8)
                [!provide]                        PROVIDE (__fixunsdfsi, 0x4000cd00)
                [!provide]                        PROVIDE (__fixunssfsi, 0x4000c4c4)
                [!provide]                        PROVIDE (__floatsidf, 0x4000e2f0)
                [!provide]                        PROVIDE (__floatsisf, 0x4000e2ac)
                [!provide]                        PROVIDE (__floatunsidf, 0x4000e2e8)
                [!provide]                        PROVIDE (__floatunsisf, 0x4000e2a4)
                [!provide]                        PROVIDE (__muldf3, 0x4000c8f0)
                [!provide]                        PROVIDE (__muldi3, 0x40000650)
                [!provide]                        PROVIDE (__mulsf3, 0x4000c3dc)
                [!provide]                        PROVIDE (__subdf3, 0x4000c688)
                [!provide]                        PROVIDE (__subsf3, 0x4000c268)
                [!provide]                        PROVIDE (__truncdfsf2, 0x4000cd5c)
                [!provide]                        PROVIDE (__udivdi3, 0x4000d310)
                0x000000004000e21c                PROVIDE (__udivsi3, 0x4000e21c)
                [!provide]                        PROVIDE (__umoddi3, 0x4000d770)
                0x000000004000e268                PROVIDE (__umodsi3, 0x4000e268)
                [!provide]                        PROVIDE (__umulsidi3, 0x4000dcf0)
                [!provide]                        PROVIDE (bzero, 0x4000de84)
                [!provide]                        PROVIDE (memcmp, 0x4000dea8)
                0x000000004000df48                PROVIDE (memcpy, 0x4000df48)
                [!provide]                        PROVIDE (memmove, 0x4000e04c)
                0x000000004000e190                PROVIDE (memset, 0x4000e190)
                [!provide]                        PROVIDE (strcmp, 0x4000bdc8)
                [!provide]                        PROVIDE (strcpy, 0x4000bec8)
                [!provide]                        PROVIDE (strlen, 0x4000bf4c)
                [!provide]                        PROVIDE (strncmp, 0x4000bfa8)
                [!provide]                        PROVIDE (strncpy, 0x4000c0a0)
                [!provide]                        PROVIDE (strstr, 0x4000e1e0)
                0x0000000040004cf0                PROVIDE (gpio_input_get, 0x40004cf0)
                [!provide]                        PROVIDE (gpio_pin_wakeup_disable, 0x40004ed4)
                [!provide]                        PROVIDE (gpio_pin_wakeup_enable, 0x40004e90)
                0x0000000040001f00                PROVIDE (ets_io_vprintf, 0x40001f00)
                [!provide]                        PROVIDE (uart_rx_one_char, 0x40003b8c)
                [!provide]                        PROVIDE (rom_i2c_readReg, 0x40007268)
                [!provide]                        PROVIDE (rom_i2c_readReg_Mask, 0x4000729c)
                [!provide]                        PROVIDE (rom_i2c_writeReg, 0x400072d8)
                [!provide]                        PROVIDE (rom_i2c_writeReg_Mask, 0x4000730c)
                [!provide]                        PROVIDE (rom_software_reboot, 0x40000080)
                [!provide]                        PROVIDE (ets_memcpy, 0x400018b4)
                0x0000000040004b1c                PROVIDE (SPIRead, 0x40004b1c)
                0x0000000040004a4c                PROVIDE (SPIWrite, 0x40004a4c)
                0x0000000040004a00                PROVIDE (SPIEraseSector, 0x40004a00)
                [!provide]                        PROVIDE (gpio_input_get, 0x40004cf0)
                [!provide]                        PROVIDE (xthal_get_ccount, 0x4000dd38)
                [!provide]                        PROVIDE (uart_div_modify, 0x400039d8)
                [!provide]                        PROVIDE (ets_io_vprintf, 0x40001f00)
OUTPUT(/Users/SimahoJr/esp/espDrone/build/bootloader/bootloader.elf elf32-xtensa-le)

.debug_frame    0x0000000000000000      0xabc
 .debug_frame   0x0000000000000000       0x74 /Users/SimahoJr/esp/espDrone/build/bootloader/main/libmain.a(bootloader_start.o)
 .debug_frame   0x0000000000000074       0xb4 /Users/SimahoJr/esp/espDrone/build/bootloader/bootloader_support/libbootloader_support.a(bootloader_init.o)
 .debug_frame   0x0000000000000128       0xfc /Users/SimahoJr/esp/espDrone/build/bootloader/bootloader_support/libbootloader_support.a(bootloader_utility.o)
 .debug_frame   0x0000000000000224      0x13c /Users/SimahoJr/esp/espDrone/build/bootloader/bootloader_support/libbootloader_support.a(esp_image_format.o)
 .debug_frame   0x0000000000000360       0x38 /Users/SimahoJr/esp/espDrone/build/bootloader/bootloader_support/libbootloader_support.a(flash_partitions.o)
 .debug_frame   0x0000000000000398       0x74 /Users/SimahoJr/esp/espDrone/build/bootloader/bootloader_support/libbootloader_support.a(bootloader_common.o)
 .debug_frame   0x000000000000040c       0xdc /Users/SimahoJr/esp/espDrone/build/bootloader/bootloader_support/libbootloader_support.a(bootloader_flash.o)
 .debug_frame   0x00000000000004e8      0x350 /Users/SimahoJr/esp/espDrone/build/bootloader/spi_flash/libspi_flash.a(spi_flash.o)
 .debug_frame   0x0000000000000838      0x16c /Users/SimahoJr/esp/espDrone/build/bootloader/spi_flash/libspi_flash.a(spi_flash_raw.o)
 .debug_frame   0x00000000000009a4       0x58 /Users/SimahoJr/esp/espDrone/build/bootloader/log/liblog.a(log.o)
 .debug_frame   0x00000000000009fc       0x80 /Users/SimahoJr/esp/espDrone/build/bootloader/esp8266/libesp8266.a(ets_printf.o)
 .debug_frame   0x0000000000000a7c       0x40 /Users/SimahoJr/esp/espDrone/build/bootloader/util/libutil.a(crc.o)

.debug_info     0x0000000000000000     0x51cc
 .debug_info    0x0000000000000000      0x4b5 /Users/SimahoJr/esp/espDrone/build/bootloader/main/libmain.a(bootloader_start.o)
 .debug_info    0x00000000000004b5      0x4fd /Users/SimahoJr/esp/espDrone/build/bootloader/bootloader_support/libbootloader_support.a(bootloader_init.o)
 .debug_info    0x00000000000009b2      0xcf2 /Users/SimahoJr/esp/espDrone/build/bootloader/bootloader_support/libbootloader_support.a(bootloader_utility.o)
 .debug_info    0x00000000000016a4      0xcf6 /Users/SimahoJr/esp/espDrone/build/bootloader/bootloader_support/libbootloader_support.a(esp_image_format.o)
 .debug_info    0x000000000000239a      0x3d6 /Users/SimahoJr/esp/espDrone/build/bootloader/bootloader_support/libbootloader_support.a(flash_partitions.o)
 .debug_info    0x0000000000002770      0x341 /Users/SimahoJr/esp/espDrone/build/bootloader/bootloader_support/libbootloader_support.a(bootloader_common.o)
 .debug_info    0x0000000000002ab1      0x547 /Users/SimahoJr/esp/espDrone/build/bootloader/bootloader_support/libbootloader_support.a(bootloader_flash.o)
 .debug_info    0x0000000000002ff8     0x134f /Users/SimahoJr/esp/espDrone/build/bootloader/spi_flash/libspi_flash.a(spi_flash.o)
 .debug_info    0x0000000000004347      0x756 /Users/SimahoJr/esp/espDrone/build/bootloader/spi_flash/libspi_flash.a(spi_flash_raw.o)
 .debug_info    0x0000000000004a9d      0x307 /Users/SimahoJr/esp/espDrone/build/bootloader/log/liblog.a(log.o)
 .debug_info    0x0000000000004da4      0x21f /Users/SimahoJr/esp/espDrone/build/bootloader/esp8266/libesp8266.a(ets_printf.o)
 .debug_info    0x0000000000004fc3      0x209 /Users/SimahoJr/esp/espDrone/build/bootloader/util/libutil.a(crc.o)

.debug_abbrev   0x0000000000000000     0x1444
 .debug_abbrev  0x0000000000000000      0x18e /Users/SimahoJr/esp/espDrone/build/bootloader/main/libmain.a(bootloader_start.o)
 .debug_abbrev  0x000000000000018e      0x1c1 /Users/SimahoJr/esp/espDrone/build/bootloader/bootloader_support/libbootloader_support.a(bootloader_init.o)
 .debug_abbrev  0x000000000000034f      0x238 /Users/SimahoJr/esp/espDrone/build/bootloader/bootloader_support/libbootloader_support.a(bootloader_utility.o)
 .debug_abbrev  0x0000000000000587      0x1e6 /Users/SimahoJr/esp/espDrone/build/bootloader/bootloader_support/libbootloader_support.a(esp_image_format.o)
 .debug_abbrev  0x000000000000076d      0x16e /Users/SimahoJr/esp/espDrone/build/bootloader/bootloader_support/libbootloader_support.a(flash_partitions.o)
 .debug_abbrev  0x00000000000008db      0x1aa /Users/SimahoJr/esp/espDrone/build/bootloader/bootloader_support/libbootloader_support.a(bootloader_common.o)
 .debug_abbrev  0x0000000000000a85      0x173 /Users/SimahoJr/esp/espDrone/build/bootloader/bootloader_support/libbootloader_support.a(bootloader_flash.o)
 .debug_abbrev  0x0000000000000bf8      0x306 /Users/SimahoJr/esp/espDrone/build/bootloader/spi_flash/libspi_flash.a(spi_flash.o)
 .debug_abbrev  0x0000000000000efe      0x176 /Users/SimahoJr/esp/espDrone/build/bootloader/spi_flash/libspi_flash.a(spi_flash_raw.o)
 .debug_abbrev  0x0000000000001074      0x1c8 /Users/SimahoJr/esp/espDrone/build/bootloader/log/liblog.a(log.o)
 .debug_abbrev  0x000000000000123c      0x159 /Users/SimahoJr/esp/espDrone/build/bootloader/esp8266/libesp8266.a(ets_printf.o)
 .debug_abbrev  0x0000000000001395       0xaf /Users/SimahoJr/esp/espDrone/build/bootloader/util/libutil.a(crc.o)

.debug_loc      0x0000000000000000     0x31ab
 .debug_loc     0x0000000000000000       0x76 /Users/SimahoJr/esp/espDrone/build/bootloader/main/libmain.a(bootloader_start.o)
 .debug_loc     0x0000000000000076       0xf6 /Users/SimahoJr/esp/espDrone/build/bootloader/bootloader_support/libbootloader_support.a(bootloader_init.o)
 .debug_loc     0x000000000000016c      0x5b1 /Users/SimahoJr/esp/espDrone/build/bootloader/bootloader_support/libbootloader_support.a(bootloader_utility.o)
 .debug_loc     0x000000000000071d      0x991 /Users/SimahoJr/esp/espDrone/build/bootloader/bootloader_support/libbootloader_support.a(esp_image_format.o)
 .debug_loc     0x00000000000010ae      0x108 /Users/SimahoJr/esp/espDrone/build/bootloader/bootloader_support/libbootloader_support.a(flash_partitions.o)
 .debug_loc     0x00000000000011b6      0x2e6 /Users/SimahoJr/esp/espDrone/build/bootloader/bootloader_support/libbootloader_support.a(bootloader_common.o)
 .debug_loc     0x000000000000149c      0x3a7 /Users/SimahoJr/esp/espDrone/build/bootloader/bootloader_support/libbootloader_support.a(bootloader_flash.o)
 .debug_loc     0x0000000000001843     0x10ba /Users/SimahoJr/esp/espDrone/build/bootloader/spi_flash/libspi_flash.a(spi_flash.o)
 .debug_loc     0x00000000000028fd      0x5a0 /Users/SimahoJr/esp/espDrone/build/bootloader/spi_flash/libspi_flash.a(spi_flash_raw.o)
 .debug_loc     0x0000000000002e9d       0xe1 /Users/SimahoJr/esp/espDrone/build/bootloader/log/liblog.a(log.o)
 .debug_loc     0x0000000000002f7e       0x9b /Users/SimahoJr/esp/espDrone/build/bootloader/esp8266/libesp8266.a(ets_printf.o)
 .debug_loc     0x0000000000003019      0x192 /Users/SimahoJr/esp/espDrone/build/bootloader/util/libutil.a(crc.o)

.debug_aranges  0x0000000000000000      0x3a0
 .debug_aranges
                0x0000000000000000       0x30 /Users/SimahoJr/esp/espDrone/build/bootloader/main/libmain.a(bootloader_start.o)
 .debug_aranges
                0x0000000000000030       0x40 /Users/SimahoJr/esp/espDrone/build/bootloader/bootloader_support/libbootloader_support.a(bootloader_init.o)
 .debug_aranges
                0x0000000000000070       0x50 /Users/SimahoJr/esp/espDrone/build/bootloader/bootloader_support/libbootloader_support.a(bootloader_utility.o)
 .debug_aranges
                0x00000000000000c0       0x60 /Users/SimahoJr/esp/espDrone/build/bootloader/bootloader_support/libbootloader_support.a(esp_image_format.o)
 .debug_aranges
                0x0000000000000120       0x20 /Users/SimahoJr/esp/espDrone/build/bootloader/bootloader_support/libbootloader_support.a(flash_partitions.o)
 .debug_aranges
                0x0000000000000140       0x30 /Users/SimahoJr/esp/espDrone/build/bootloader/bootloader_support/libbootloader_support.a(bootloader_common.o)
 .debug_aranges
                0x0000000000000170       0x48 /Users/SimahoJr/esp/espDrone/build/bootloader/bootloader_support/libbootloader_support.a(bootloader_flash.o)
 .debug_aranges
                0x00000000000001b8       0xe8 /Users/SimahoJr/esp/espDrone/build/bootloader/spi_flash/libspi_flash.a(spi_flash.o)
 .debug_aranges
                0x00000000000002a0       0x70 /Users/SimahoJr/esp/espDrone/build/bootloader/spi_flash/libspi_flash.a(spi_flash_raw.o)
 .debug_aranges
                0x0000000000000310       0x28 /Users/SimahoJr/esp/espDrone/build/bootloader/log/liblog.a(log.o)
 .debug_aranges
                0x0000000000000338       0x38 /Users/SimahoJr/esp/espDrone/build/bootloader/esp8266/libesp8266.a(ets_printf.o)
 .debug_aranges
                0x0000000000000370       0x30 /Users/SimahoJr/esp/espDrone/build/bootloader/util/libutil.a(crc.o)

.debug_ranges   0x0000000000000000      0x3f8
 .debug_ranges  0x0000000000000000       0x20 /Users/SimahoJr/esp/espDrone/build/bootloader/main/libmain.a(bootloader_start.o)
 .debug_ranges  0x0000000000000020       0x30 /Users/SimahoJr/esp/espDrone/build/bootloader/bootloader_support/libbootloader_support.a(bootloader_init.o)
 .debug_ranges  0x0000000000000050       0x40 /Users/SimahoJr/esp/espDrone/build/bootloader/bootloader_support/libbootloader_support.a(bootloader_utility.o)
 .debug_ranges  0x0000000000000090       0x80 /Users/SimahoJr/esp/espDrone/build/bootloader/bootloader_support/libbootloader_support.a(esp_image_format.o)
 .debug_ranges  0x0000000000000110       0x40 /Users/SimahoJr/esp/espDrone/build/bootloader/bootloader_support/libbootloader_support.a(flash_partitions.o)
 .debug_ranges  0x0000000000000150       0x20 /Users/SimahoJr/esp/espDrone/build/bootloader/bootloader_support/libbootloader_support.a(bootloader_common.o)
 .debug_ranges  0x0000000000000170       0x38 /Users/SimahoJr/esp/espDrone/build/bootloader/bootloader_support/libbootloader_support.a(bootloader_flash.o)
 .debug_ranges  0x00000000000001a8      0x190 /Users/SimahoJr/esp/espDrone/build/bootloader/spi_flash/libspi_flash.a(spi_flash.o)
 .debug_ranges  0x0000000000000338       0x60 /Users/SimahoJr/esp/espDrone/build/bootloader/spi_flash/libspi_flash.a(spi_flash_raw.o)
 .debug_ranges  0x0000000000000398       0x18 /Users/SimahoJr/esp/espDrone/build/bootloader/log/liblog.a(log.o)
 .debug_ranges  0x00000000000003b0       0x28 /Users/SimahoJr/esp/espDrone/build/bootloader/esp8266/libesp8266.a(ets_printf.o)
 .debug_ranges  0x00000000000003d8       0x20 /Users/SimahoJr/esp/espDrone/build/bootloader/util/libutil.a(crc.o)

.debug_line     0x0000000000000000     0x3c92
 .debug_line    0x0000000000000000      0x369 /Users/SimahoJr/esp/espDrone/build/bootloader/main/libmain.a(bootloader_start.o)
 .debug_line    0x0000000000000369      0x48f /Users/SimahoJr/esp/espDrone/build/bootloader/bootloader_support/libbootloader_support.a(bootloader_init.o)
 .debug_line    0x00000000000007f8      0x7d4 /Users/SimahoJr/esp/espDrone/build/bootloader/bootloader_support/libbootloader_support.a(bootloader_utility.o)
 .debug_line    0x0000000000000fcc      0x74f /Users/SimahoJr/esp/espDrone/build/bootloader/bootloader_support/libbootloader_support.a(esp_image_format.o)
 .debug_line    0x000000000000171b      0x352 /Users/SimahoJr/esp/espDrone/build/bootloader/bootloader_support/libbootloader_support.a(flash_partitions.o)
 .debug_line    0x0000000000001a6d      0x337 /Users/SimahoJr/esp/espDrone/build/bootloader/bootloader_support/libbootloader_support.a(bootloader_common.o)
 .debug_line    0x0000000000001da4      0x3f9 /Users/SimahoJr/esp/espDrone/build/bootloader/bootloader_support/libbootloader_support.a(bootloader_flash.o)
 .debug_line    0x000000000000219d      0xd29 /Users/SimahoJr/esp/espDrone/build/bootloader/spi_flash/libspi_flash.a(spi_flash.o)
 .debug_line    0x0000000000002ec6      0x654 /Users/SimahoJr/esp/espDrone/build/bootloader/spi_flash/libspi_flash.a(spi_flash_raw.o)
 .debug_line    0x000000000000351a      0x34d /Users/SimahoJr/esp/espDrone/build/bootloader/log/liblog.a(log.o)
 .debug_line    0x0000000000003867      0x261 /Users/SimahoJr/esp/espDrone/build/bootloader/esp8266/libesp8266.a(ets_printf.o)
 .debug_line    0x0000000000003ac8      0x1ca /Users/SimahoJr/esp/espDrone/build/bootloader/util/libutil.a(crc.o)

.debug_str      0x0000000000000000     0x179c
 .debug_str     0x0000000000000000      0x458 /Users/SimahoJr/esp/espDrone/build/bootloader/main/libmain.a(bootloader_start.o)
                                        0x4e1 (size before relaxing)
 .debug_str     0x0000000000000458      0x2fe /Users/SimahoJr/esp/espDrone/build/bootloader/bootloader_support/libbootloader_support.a(bootloader_init.o)
                                        0x599 (size before relaxing)
 .debug_str     0x0000000000000756      0x260 /Users/SimahoJr/esp/espDrone/build/bootloader/bootloader_support/libbootloader_support.a(bootloader_utility.o)
                                        0x6f9 (size before relaxing)
 .debug_str     0x00000000000009b6      0x1d0 /Users/SimahoJr/esp/espDrone/build/bootloader/bootloader_support/libbootloader_support.a(esp_image_format.o)
                                        0x77a (size before relaxing)
 .debug_str     0x0000000000000b86       0xe3 /Users/SimahoJr/esp/espDrone/build/bootloader/bootloader_support/libbootloader_support.a(flash_partitions.o)
                                        0x3b2 (size before relaxing)
 .debug_str     0x0000000000000c69      0x16b /Users/SimahoJr/esp/espDrone/build/bootloader/bootloader_support/libbootloader_support.a(bootloader_common.o)
                                        0x384 (size before relaxing)
 .debug_str     0x0000000000000dd4      0x136 /Users/SimahoJr/esp/espDrone/build/bootloader/bootloader_support/libbootloader_support.a(bootloader_flash.o)
                                        0x3ab (size before relaxing)
 .debug_str     0x0000000000000f0a      0x530 /Users/SimahoJr/esp/espDrone/build/bootloader/spi_flash/libspi_flash.a(spi_flash.o)
                                        0x91c (size before relaxing)
 .debug_str     0x000000000000143a      0x12c /Users/SimahoJr/esp/espDrone/build/bootloader/spi_flash/libspi_flash.a(spi_flash_raw.o)
                                        0x4c5 (size before relaxing)
 .debug_str     0x0000000000001566      0x10c /Users/SimahoJr/esp/espDrone/build/bootloader/log/liblog.a(log.o)
                                        0x2c7 (size before relaxing)
 .debug_str     0x0000000000001672       0xad /Users/SimahoJr/esp/espDrone/build/bootloader/esp8266/libesp8266.a(ets_printf.o)
                                        0x219 (size before relaxing)
 .debug_str     0x000000000000171f       0x7d /Users/SimahoJr/esp/espDrone/build/bootloader/util/libutil.a(crc.o)
                                        0x1a1 (size before relaxing)

.comment        0x0000000000000000       0x75
 .comment       0x0000000000000000       0x3b /Users/SimahoJr/esp/espDrone/build/bootloader/main/libmain.a(bootloader_start.o)
                                         0x3c (size before relaxing)
 .comment       0x000000000000003b       0x3c /Users/SimahoJr/esp/espDrone/build/bootloader/bootloader_support/libbootloader_support.a(bootloader_init.o)
 .comment       0x000000000000003b       0x3c /Users/SimahoJr/esp/espDrone/build/bootloader/bootloader_support/libbootloader_support.a(bootloader_utility.o)
 .comment       0x000000000000003b       0x3c /Users/SimahoJr/esp/espDrone/build/bootloader/bootloader_support/libbootloader_support.a(esp_image_format.o)
 .comment       0x000000000000003b       0x3c /Users/SimahoJr/esp/espDrone/build/bootloader/bootloader_support/libbootloader_support.a(flash_partitions.o)
 .comment       0x000000000000003b       0x3c /Users/SimahoJr/esp/espDrone/build/bootloader/bootloader_support/libbootloader_support.a(bootloader_common.o)
 .comment       0x000000000000003b       0x3c /Users/SimahoJr/esp/espDrone/build/bootloader/bootloader_support/libbootloader_support.a(bootloader_flash.o)
 .comment       0x000000000000003b       0x3c /Users/SimahoJr/esp/espDrone/build/bootloader/spi_flash/libspi_flash.a(spi_flash.o)
 .comment       0x000000000000003b       0x3c /Users/SimahoJr/esp/espDrone/build/bootloader/spi_flash/libspi_flash.a(spi_flash_raw.o)
 .comment       0x000000000000003b       0x3c /Users/SimahoJr/esp/espDrone/build/bootloader/log/liblog.a(log.o)
 .comment       0x000000000000003b       0x3c /Users/SimahoJr/esp/espDrone/build/bootloader/esp8266/libesp8266.a(ets_printf.o)
 .comment       0x000000000000003b       0x3c /Users/SimahoJr/esp/espDrone/build/bootloader/util/libutil.a(crc.o)
 .comment       0x000000000000003b       0x3a /Users/SimahoJr/esp/ESP8266_RTOS_SDK/components/esp8266/lib/libcore.a(phy.o)
                                         0x3b (size before relaxing)
 .comment       0x0000000000000075       0x3b /Users/SimahoJr/esp/ESP8266_RTOS_SDK/components/esp8266/lib/libcore.a(uart.o)

.xtensa.info    0x0000000000000000       0x38
 .xtensa.info   0x0000000000000000       0x38 /Users/SimahoJr/esp/espDrone/build/bootloader/main/libmain.a(bootloader_start.o)
 .xtensa.info   0x0000000000000038        0x0 /Users/SimahoJr/esp/espDrone/build/bootloader/bootloader_support/libbootloader_support.a(bootloader_init.o)
 .xtensa.info   0x0000000000000038        0x0 /Users/SimahoJr/esp/espDrone/build/bootloader/bootloader_support/libbootloader_support.a(bootloader_utility.o)
 .xtensa.info   0x0000000000000038        0x0 /Users/SimahoJr/esp/espDrone/build/bootloader/bootloader_support/libbootloader_support.a(esp_image_format.o)
 .xtensa.info   0x0000000000000038        0x0 /Users/SimahoJr/esp/espDrone/build/bootloader/bootloader_support/libbootloader_support.a(flash_partitions.o)
 .xtensa.info   0x0000000000000038        0x0 /Users/SimahoJr/esp/espDrone/build/bootloader/bootloader_support/libbootloader_support.a(bootloader_common.o)
 .xtensa.info   0x0000000000000038        0x0 /Users/SimahoJr/esp/espDrone/build/bootloader/bootloader_support/libbootloader_support.a(bootloader_flash.o)
 .xtensa.info   0x0000000000000038        0x0 /Users/SimahoJr/esp/espDrone/build/bootloader/spi_flash/libspi_flash.a(spi_flash.o)
 .xtensa.info   0x0000000000000038        0x0 /Users/SimahoJr/esp/espDrone/build/bootloader/spi_flash/libspi_flash.a(spi_flash_raw.o)
 .xtensa.info   0x0000000000000038        0x0 /Users/SimahoJr/esp/espDrone/build/bootloader/log/liblog.a(log.o)
 .xtensa.info   0x0000000000000038        0x0 /Users/SimahoJr/esp/espDrone/build/bootloader/esp8266/libesp8266.a(ets_printf.o)
 .xtensa.info   0x0000000000000038        0x0 /Users/SimahoJr/esp/espDrone/build/bootloader/util/libutil.a(crc.o)
 .xtensa.info   0x0000000000000038        0x0 /Users/SimahoJr/esp/ESP8266_RTOS_SDK/components/esp8266/lib/libcore.a(phy.o)
 .xtensa.info   0x0000000000000038        0x0 /Users/SimahoJr/esp/ESP8266_RTOS_SDK/components/esp8266/lib/libcore.a(uart.o)
